// Vitest Snapshot v1, https://vitest.dev/guide/snapshot.html

exports[`Console Anchor 1`] = `
"<div id="test-wrapper">
  <div data-v-d9380ae4="" id="console-menu" style="left: 512px; top: 10px; pointer-events: auto; --console-widget-bg: #ffffff; --console-widget-fg: #111; --console-widget-border: #efefef; --console-widget-shadow: rgba(128,128,128,0.1);">
    <div data-v-d9380ae4="" class="console-glowing"></div>
    <div data-v-d9380ae4="" class="console-panel" style="display: flex;"><a data-v-d9380ae4="" href="/"><button data-v-d9380ae4="" class="console-icon-button m-4 text-blue-500 dark:text-blue-500" title="Tasks"> Tasks </button></a>
      <div data-v-d9380ae4="" class="flex"><span data-v-d9380ae4="" class="i-heroicons-link"></span></div><a data-v-d9380ae4="" href="/resources"><button data-v-d9380ae4="" class="console-icon-button m-2" title="Resources"> Resources </button></a>
    </div>
  </div>
</div>"
`;
