// Vitest Snapshot v1, https://vitest.dev/guide/snapshot.html

exports[`TaskDetails 1`] = `
"<div>
  <div>
    <div class="rounded-lg divide-y divide-gray-200 dark:divide-gray-800 ring-1 ring-gray-200 dark:ring-gray-800 shadow bg-white dark:bg-gray-900">
      <!--v-if-->
      <div class="xl:flex px-4 py-5 sm:p-6">
        <div class="space-y-2 flex-1 mr-4">
          <div class="flex items-center align-center text-center w-full flex-row">
            <div class="flex border-gray-200 dark:border-gray-800 w-full border-t border-dotted"></div>
            <div class="font-medium text-gray-700 dark:text-gray-200 flex mx-3 whitespace-nowrap">
              <div class="flex items-center text-black dark:text-white font-bold text-md"><span>Task</span><svg data-v-62b8840e="" xmlns="http://www.w3.org/2000/svg" xmlns:xlink="http://www.w3.org/1999/xlink" aria-hidden="true" role="img" class="icon" width="1em" height="1em" viewBox="0 0 24 24">
                  <path fill="none" stroke="currentColor" stroke-linecap="round" stroke-linejoin="round" stroke-width="1.5" d="M5.25 5.653c0-.856.917-1.398 1.667-.986l11.54 6.347a1.125 1.125 0 0 1 0 1.972l-11.54 6.347a1.125 1.125 0 0 1-1.667-.986z"></path>
                </svg></div>
            </div>
            <div class="flex border-gray-200 dark:border-gray-800 w-full border-t border-dotted"></div>
          </div>
          <div class="flex"><span class="font-bold text-black dark:text-white">ID</span><span class="mr-1">: </span><span class="">1</span></div>
          <div class="flex"><span class="font-bold text-black dark:text-white">Name</span><span class="mr-1">: </span><span class="">task1</span></div>
          <div class="flex"><span class="font-bold text-black dark:text-white">Location</span><span class="mr-1">: </span><span class="">app.rs/68:10</span></div>
          <div class="flex"><span class="font-bold text-black dark:text-white">Total</span><span class="mr-1">: </span><span class="text-gray-500 dark:text-gray-300">0ns</span></div>
          <div class="flex"><span class="font-bold text-black dark:text-white">Busy</span><span class="mr-1">: </span>
            <div class="flex"><span class="text-green-500 dark:text-green-300">8m 20s </span><span class="mx-2"> (100.00%) </span></div>
          </div>
          <div class="flex"><span class="font-bold text-black dark:text-white">Scheduled</span><span class="mr-1">: </span>
            <div class="flex"><span class="text-green-500 dark:text-green-300">5m </span><span class="mx-2"> (100.00%) </span></div>
          </div>
          <div class="flex"><span class="font-bold text-black dark:text-white">Idle</span><span class="mr-1">: </span>
            <div class="flex"><span class="text-green-500 dark:text-green-300">3m 20s </span><span class="mx-2"> (100.00%) </span></div>
          </div>
        </div>
        <div class="flex items-center align-center text-center flex-col w-px mx-2" color="gray">
          <div class="flex border-gray-200 dark:border-gray-800 h-full border-s border-solid"></div>
          <!--v-if-->
        </div>
        <div class="space-y-2 xl:ml-4 flex-1">
          <div class="flex items-center align-center text-center w-full flex-row">
            <div class="flex border-gray-200 dark:border-gray-800 w-full border-t border-dotted"></div>
            <div class="font-medium text-gray-700 dark:text-gray-200 flex mx-3 whitespace-nowrap"><span class="text-black dark:text-white font-bold text-md">Waker</span></div>
            <div class="flex border-gray-200 dark:border-gray-800 w-full border-t border-dotted"></div>
          </div>
          <div class="flex"><span class="font-bold text-black dark:text-white">Current wakers</span><span class="mr-1">: </span>
            <div class="flex"><span class="mr-1">1</span> ( <div class="flex"><span class="font-bold text-black dark:text-white">Clones</span><span class="mr-1">: </span><span class="">199</span></div><span class="mr-2">, </span>
              <div class="flex"><span class="font-bold text-black dark:text-white">Drops</span><span class="mr-1">: </span><span class="">198</span></div> )
            </div>
          </div>
          <div class="flex"><span class="font-bold text-black dark:text-white">Woken</span><span class="mr-1">: </span>
            <div class="flex"><span class="mr-2">1 times,</span>
              <div class="flex"><span class="font-bold text-black dark:text-white">Last woken</span><span class="mr-1">: </span><span class="text-gray-500 dark:text-gray-300">0ns</span><span class="mx-1">ago</span></div>
            </div>
          </div>
          <div class="flex items-center align-center text-center w-full flex-row">
            <div class="flex border-gray-200 dark:border-gray-800 w-full border-t border-dotted"></div>
            <div class="font-medium text-gray-700 dark:text-gray-200 flex mx-3 whitespace-nowrap"><span class="text-black dark:text-white font-bold text-md">Fields</span></div>
            <div class="flex border-gray-200 dark:border-gray-800 w-full border-t border-dotted"></div>
          </div>
          <div class="mb-1">
            <p><span class="text-blue-600 dark:text-blue-400">target</span><span class="text-gray-500 dark:text-gray-400">=</span><span class="text-green-600 dark:text-green-400">tokio:task</span></p>
          </div>
        </div>
      </div>
      <!--v-if-->
    </div>
    <div class="rounded-lg divide-y divide-gray-200 dark:divide-gray-800 ring-1 ring-gray-200 dark:ring-gray-800 shadow bg-white dark:bg-gray-900 mt-4">
      <!--v-if-->
      <div class="xl:flex px-4 py-5 sm:p-6">
        <div class="space-y-2 flex-1 mr-4">
          <div class="mt-2">
            <div class="flex justify-center">
              <div class="flex mr-4"><span class="font-bold text-black dark:text-white">Min</span><span class="mr-1">: </span><span class="text-green-500 dark:text-green-300">1m 40s </span></div>
              <div class="flex mr-4"><span class="font-bold text-black dark:text-white">p0.1</span><span class="mr-1">: </span><span class="text-green-500 dark:text-green-300">1m 40s </span></div>
              <div class="flex mr-4"><span class="font-bold text-black dark:text-white">p0.25</span><span class="mr-1">: </span><span class="text-green-500 dark:text-green-300">3m 20s </span></div>
              <div class="flex mr-4"><span class="font-bold text-black dark:text-white">p0.5</span><span class="mr-1">: </span><span class="text-green-500 dark:text-green-300">5m </span></div>
            </div>
            <div class="flex justify-center">
              <div class="flex mr-4"><span class="font-bold text-black dark:text-white">p0.75</span><span class="mr-1">: </span><span class="text-green-500 dark:text-green-300">6m 40s </span></div>
              <div class="flex mr-4"><span class="font-bold text-black dark:text-white">p0.9</span><span class="mr-1">: </span><span class="text-green-500 dark:text-green-300">11m 40s </span></div>
              <div class="flex mr-4"><span class="font-bold text-black dark:text-white">p0.95</span><span class="mr-1">: </span><span class="text-green-500 dark:text-green-300">13m 20s </span></div>
              <div class="flex mr-4"><span class="font-bold text-black dark:text-white">p0.99</span><span class="mr-1">: </span><span class="text-green-500 dark:text-green-300">16m 30s </span></div>
              <div class="flex mr-4"><span class="font-bold text-black dark:text-white">Max</span><span class="mr-1">: </span><span class="text-green-500 dark:text-green-300">16m 40s </span></div>
            </div>
          </div>
          <div class="space-y-2 h-80 w-11/12"><canvas role="img">
              <p></p>
            </canvas></div>
        </div>
        <div class="flex items-center align-center text-center flex-col w-px mx-2" color="gray">
          <div class="flex border-gray-200 dark:border-gray-800 h-full border-s border-solid"></div>
          <!--v-if-->
        </div>
        <div class="space-y-2 xl:ml-4 flex-1">
          <div class="mt-2">
            <div class="flex justify-center">
              <div class="flex mr-4"><span class="font-bold text-black dark:text-white">Min</span><span class="mr-1">: </span><span class="text-green-500 dark:text-green-300">1m 40s </span></div>
              <div class="flex mr-4"><span class="font-bold text-black dark:text-white">p0.1</span><span class="mr-1">: </span><span class="text-green-500 dark:text-green-300">1m 40s </span></div>
              <div class="flex mr-4"><span class="font-bold text-black dark:text-white">p0.25</span><span class="mr-1">: </span><span class="text-green-500 dark:text-green-300">3m 20s </span></div>
              <div class="flex mr-4"><span class="font-bold text-black dark:text-white">p0.5</span><span class="mr-1">: </span><span class="text-green-500 dark:text-green-300">5m </span></div>
            </div>
            <div class="flex justify-center">
              <div class="flex mr-4"><span class="font-bold text-black dark:text-white">p0.75</span><span class="mr-1">: </span><span class="text-green-500 dark:text-green-300">6m 40s </span></div>
              <div class="flex mr-4"><span class="font-bold text-black dark:text-white">p0.9</span><span class="mr-1">: </span><span class="text-green-500 dark:text-green-300">11m 40s </span></div>
              <div class="flex mr-4"><span class="font-bold text-black dark:text-white">p0.95</span><span class="mr-1">: </span><span class="text-green-500 dark:text-green-300">13m 20s </span></div>
              <div class="flex mr-4"><span class="font-bold text-black dark:text-white">p0.99</span><span class="mr-1">: </span><span class="text-green-500 dark:text-green-300">16m 30s </span></div>
              <div class="flex mr-4"><span class="font-bold text-black dark:text-white">Max</span><span class="mr-1">: </span><span class="text-green-500 dark:text-green-300">16m 40s </span></div>
            </div>
          </div>
          <div class="space-y-2 h-80 w-11/12"><canvas role="img">
              <p></p>
            </canvas></div>
        </div>
      </div>
      <!--v-if-->
    </div>
  </div>
</div>"
`;
