// Vitest Snapshot v1, https://vitest.dev/guide/snapshot.html

exports[`TaskDetails 1`] = `
"<div>
  <div>
    <div class=\\"overflow-hidden rounded-lg divide-y divide-gray-200 dark:divide-gray-800 ring-1 ring-gray-200 dark:ring-gray-800 shadow bg-white dark:bg-gray-900\\">
      <!--v-if-->
      <div class=\\"flex px-4 py-5 sm:p-6\\">
        <div class=\\"space-y-2 flex-1\\">
          <div class=\\"flex items-center align-center text-center w-full flex-row\\">
            <div class=\\"flex border-gray-200 dark:border-gray-800 w-full border-t border-dotted\\"></div>
            <div class=\\"font-medium text-gray-700 dark:text-gray-200 flex mx-3 whitespace-nowrap\\"><span class=\\"text-black dark:text-white font-bold text-md\\">Task</span></div>
            <div class=\\"flex border-gray-200 dark:border-gray-800 w-full border-t border-dotted\\"></div>
          </div>
          <taskinfofield name=\\"ID\\" value=\\"1\\"></taskinfofield>
          <taskinfofield name=\\"Name\\" value=\\"task1\\"></taskinfofield>
          <taskinfofield name=\\"Location\\" value=\\"app.rs/68:10\\"></taskinfofield>
          <taskinfofield name=\\"Total\\" value=\\"16m 40s \\"></taskinfofield>
          <taskinfofield name=\\"Busy\\">
            <div class=\\"flex\\"><span class=\\"text-green-500 dark:text-green-300\\">25m </span><span class=\\"mx-2\\"> (100.00%) </span></div>
          </taskinfofield>
          <taskinfofield name=\\"Scheduled\\">
            <div class=\\"flex\\"><span class=\\"text-green-500 dark:text-green-300\\">5m </span><span class=\\"mx-2\\"> (30.00%) </span></div>
          </taskinfofield>
          <taskinfofield name=\\"Idle\\">
            <div class=\\"flex\\"><span class=\\"text-green-500 dark:text-green-300\\">3m 20s </span><span class=\\"mx-2\\"> (20.00%) </span></div>
          </taskinfofield>
        </div>
        <div class=\\"flex items-center align-center text-center flex-col w-px mx-2\\" color=\\"gray\\">
          <div class=\\"flex border-gray-200 dark:border-gray-800 h-full border-s border-solid\\"></div>
          <!--v-if-->
        </div>
        <div class=\\"space-y-2 flex-1\\">
          <div class=\\"flex items-center align-center text-center w-full flex-row\\">
            <div class=\\"flex border-gray-200 dark:border-gray-800 w-full border-t border-dotted\\"></div>
            <div class=\\"font-medium text-gray-700 dark:text-gray-200 flex mx-3 whitespace-nowrap\\"><span class=\\"text-black dark:text-white font-bold text-md\\">Waker</span></div>
            <div class=\\"flex border-gray-200 dark:border-gray-800 w-full border-t border-dotted\\"></div>
          </div>
          <taskinfofield class=\\"ml-4\\" name=\\"Current wakers\\">
            <div class=\\"flex\\"><span class=\\"mr-1\\">1</span> ( <taskinfofield name=\\"Clones\\" value=\\"199\\"></taskinfofield><span class=\\"mr-2\\">, </span>
              <taskinfofield name=\\"Drops\\" value=\\"198\\"></taskinfofield> )
            </div>
          </taskinfofield>
          <taskinfofield class=\\"ml-4\\" name=\\"Woken\\">
            <div class=\\"flex\\"><span class=\\"mr-2\\">1 times,</span>
              <taskinfofield name=\\"Last woken\\"><span class=\\"text-gray-500 dark:text-gray-300\\">0ns</span><span class=\\"mx-1\\">ago</span></taskinfofield>
            </div>
          </taskinfofield>
        </div>
      </div>
      <!--v-if-->
    </div>
  </div>
</div>"
`;
