// Vitest Snapshot v1, https://vitest.dev/guide/snapshot.html

exports[`TaskTable View 1`] = `
<tbody
  class="divide-y divide-gray-200 dark:divide-gray-800"
>
  
  <tr
    class="hover:bg-gray-50 dark:hover:bg-gray-800/50 cursor-pointer"
  >
    <!--v-if-->
    
    <td
      class="whitespace-nowrap px-3 py-4 text-gray-500 dark:text-gray-400 text-sm"
    >
      
      1
      
    </td>
    <td
      class="whitespace-nowrap px-3 py-4 text-gray-500 dark:text-gray-400 text-sm"
    >
      
      task1
      
    </td>
    <td
      class="whitespace-nowrap px-3 py-4 text-gray-500 dark:text-gray-400 text-sm"
    >
      
      <svg
        aria-hidden="true"
        class="icon"
        data-v-a142084e=""
        height="1em"
        role="img"
        viewBox="0 0 24 24"
        width="1em"
        xmlns="http://www.w3.org/2000/svg"
        xmlns:xlink="http://www.w3.org/1999/xlink"
      >
        <path
          d="M5.25 5.653c0-.856.917-1.398 1.667-.986l11.54 6.347a1.125 1.125 0 0 1 0 1.972l-11.54 6.347a1.125 1.125 0 0 1-1.667-.986z"
          fill="none"
          stroke="currentColor"
          stroke-linecap="round"
          stroke-linejoin="round"
          stroke-width="1.5"
        />
      </svg>
      
    </td>
    <td
      class="whitespace-nowrap px-3 py-4 text-gray-500 dark:text-gray-400 text-sm text-gray-500 dark:text-gray-300"
    >
      
      <p
        class="text-gray-500 dark:text-gray-300 w-10"
      >
        0ns
      </p>
      
    </td>
    <td
      class="whitespace-nowrap px-3 py-4 text-gray-500 dark:text-gray-400 text-sm text-green-500 dark:text-green-300"
    >
      
      <p
        class="text-green-500 dark:text-green-300 w-10"
      >
        8m 20s 
      </p>
      
    </td>
    <td
      class="whitespace-nowrap px-3 py-4 text-gray-500 dark:text-gray-400 text-sm text-green-500 dark:text-green-300"
    >
      
      <p
        class="text-green-500 dark:text-green-300 w-10"
      >
        5m 
      </p>
      
    </td>
    <td
      class="whitespace-nowrap px-3 py-4 text-gray-500 dark:text-gray-400 text-sm text-green-500 dark:text-green-300"
    >
      
      <p
        class="text-green-500 dark:text-green-300 w-10"
      >
        3m 20s 
      </p>
      
    </td>
    <td
      class="whitespace-nowrap px-3 py-4 text-gray-500 dark:text-gray-400 text-sm"
    >
      
      100
      
    </td>
    <td
      class="whitespace-nowrap px-3 py-4 text-gray-500 dark:text-gray-400 text-sm"
    >
      
      task
      
    </td>
    <td
      class="whitespace-nowrap px-3 py-4 text-gray-500 dark:text-gray-400 text-sm"
    >
      
      app.rs/68:10
      
    </td>
    <td
      class="whitespace-nowrap px-3 py-4 text-gray-500 dark:text-gray-400 text-sm"
    >
      
      
      <div
        class="mb-1"
      >
        <p>
          <span
            class="text-blue-600 dark:text-blue-400"
          >
            target
          </span>
          <span
            class="text-gray-500 dark:text-gray-400"
          >
            =
          </span>
          <span
            class="text-green-600 dark:text-green-400"
          >
            tokio:task
          </span>
        </p>
      </div>
      
      
    </td>
    
  </tr>
  
</tbody>
`;
